[ptsridewibaruna.co.id/id/index.html]
[backblue.gif]
[fade.gif]
[index.html]
[ptsridewibaruna.co.id/wp-content/uploads/2023/04/sdb-favicon-512-512.png]
[ptsridewibaruna.co.id/wp-content/plugins/bdthemes-element-pack/assets/css/bdt-uikit5829.css]
[ptsridewibaruna.co.id/wp-content/plugins/bdthemes-element-pack/assets/css/ep-helpere5af.css]
[ptsridewibaruna.co.id/wp-includes/css/dist/block-library/style.min3781.css]
[ptsridewibaruna.co.id/wp-content/plugins/translatepress-multilingual/assets/css/trp-language-switcher0875.css]
[ptsridewibaruna.co.id/wp-content/plugins/complianz-gdpr/assets/css/cookieblocker.min84fc.css]
[ptsridewibaruna.co.id/wp-content/themes/hello-elementor/style.minc141.css]
[ptsridewibaruna.co.id/id/comments/feed/index.html]
[ptsridewibaruna.co.id/id/feed/index.html]
[ptsridewibaruna.co.id/wp-content/themes/hello-elementor/theme.minc141.css]
[ptsridewibaruna.co.id/wp-content/uploads/elementor/css/custom-frontend-lite.mine250.css]
[ptsridewibaruna.co.id/wp-content/uploads/elementor/css/post-264e250.css]
[ptsridewibaruna.co.id/wp-content/plugins/essential-addons-for-elementor-lite/assets/front-end/css/view/general.min8bc9.css]
[ptsridewibaruna.co.id/wp-content/uploads/essential-addons-elementor/eael-100af54.css]
[ptsridewibaruna.co.id/wp-content/plugins/elementor/assets/lib/eicons/css/elementor-icons.min3b94.css]
[ptsridewibaruna.co.id/wp-content/plugins/elementor/assets/lib/swiper/v8/css/swiper.min94a4.css]
[ptsridewibaruna.co.id/wp-content/uploads/elementor/css/custom-pro-frontend-lite.mine250.css]
[ptsridewibaruna.co.id/wp-content/uploads/elementor/css/global9a2a.css]
[ptsridewibaruna.co.id/wp-content/uploads/elementor/css/post-100bfdf.css]
[ptsridewibaruna.co.id/wp-content/uploads/elementor/css/post-849a2a.css]
[ptsridewibaruna.co.id/wp-content/uploads/elementor/css/post-80566f.css]
[ptsridewibaruna.co.id/wp-content/uploads/elementor/css/post-31875f57.css]
[ptsridewibaruna.co.id/wp-content/uploads/elementor/css/post-31295f57.css]
[ptsridewibaruna.co.id/wp-content/plugins/loftloader/assets/css/loftloader.mina709.css]
[ptsridewibaruna.co.id/wp-content/plugins/elementor/assets/lib/font-awesome/css/fontawesome.min52d5.css]
[ptsridewibaruna.co.id/wp-content/plugins/elementor/assets/lib/font-awesome/css/solid.min52d5.css]
[ptsridewibaruna.co.id/wp-content/plugins/elementor/assets/lib/font-awesome/css/brands.min52d5.css]
[ptsridewibaruna.co.id/wp-includes/js/jquery/jquery.min5aed.js]
[ptsridewibaruna.co.id/wp-includes/js/jquery/jquery-migrate.min6b00.js]
[ptsridewibaruna.co.id/id/wp-json/index.html]
[ptsridewibaruna.co.id/id/wp-json/wp/v2/pages/100.json]
[ptsridewibaruna.co.id/id/wp-json/oembed/1.0/embeda986.json]
[ptsridewibaruna.co.id/id/wp-json/oembed/1.0/embed5b78]
[ptsridewibaruna.co.id/wp-content/uploads/2023/04/cropped-sdb-favicon-512-512-32x32.png]
[ptsridewibaruna.co.id/wp-content/uploads/2023/04/cropped-sdb-favicon-512-512-192x192.png]
[ptsridewibaruna.co.id/wp-content/uploads/2023/04/cropped-sdb-favicon-512-512-180x180.png]
[ptsridewibaruna.co.id/wp-content/uploads/2023/03/logo.png]
[ptsridewibaruna.co.id/wp-content/uploads/elementor/css/custom-pro-widget-nav-menu.minc916.css]
[ptsridewibaruna.co.id/wp-content/plugins/translatepress-multilingual/assets/images/flags/id_ID.png]
[ptsridewibaruna.co.id/wp-content/plugins/translatepress-multilingual/assets/images/flags/en_US.png]
[ptsridewibaruna.co.id/wp-content/plugins/translatepress-multilingual/assets/images/flags/fr_FR.png]
[ptsridewibaruna.co.id/id/about-us/index.html]
[ptsridewibaruna.co.id/wp-content/uploads/2023/03/Ni-Putu-Ramiani-239x300.jpg]
[ptsridewibaruna.co.id/id/our-selection-process/index.html]
[ptsridewibaruna.co.id/id/gallery/index.html]
[ptsridewibaruna.co.id/wp-content/uploads/2023/03/Putu-Teguh-Adhiatna-259x300.jpg]
[ptsridewibaruna.co.id/wp-content/uploads/2023/03/Andika-Sanjaya-300x295.jpg]
[ptsridewibaruna.co.id/wp-content/uploads/2023/04/crew-new-blue-gradient.png]
[ptsridewibaruna.co.id/id/join-our-team/index.html]
[ptsridewibaruna.co.id/wp-content/uploads/2023/04/Partner-Sea-Chefs-3.png]
[ptsridewibaruna.co.id/wp-content/uploads/2023/03/Partner-MYSTIC.png]
[ptsridewibaruna.co.id/id/blog/index.html]
[ptsridewibaruna.co.id/wp-content/uploads/2023/04/celestyallogo2.png]
[ptsridewibaruna.co.id/wp-content/uploads/2023/03/CSM_logo-1024x247.png]
[ptsridewibaruna.co.id/wp-content/uploads/2023/03/blob-green-new-1.png]
[ptsridewibaruna.co.id/wp-content/uploads/2023/03/ship-chefs.jpg]
[ptsridewibaruna.co.id/wp-content/plugins/elementor-pro/assets/css/widget-carousel.min.css]
[ptsridewibaruna.co.id/id/contact-us/index.html]
[ptsridewibaruna.co.id/wp-content/uploads/2023/03/Ni-Putu-Ramiani.jpg]
[ptsridewibaruna.co.id/wp-content/uploads/2023/03/Putu-Teguh-Adhiatna.jpg]
[ptsridewibaruna.co.id/wp-content/uploads/2023/03/Andika-Sanjaya.jpg]
[ptsridewibaruna.co.id/wp-content/uploads/2023/03/MLC_1-1-640w.png]
[ptsridewibaruna.co.id/wp-content/uploads/2023/03/logo-nib.jpg]
[ptsridewibaruna.co.id/wp-content/uploads/2023/03/Partner-BV.png]
[ptsridewibaruna.co.id/wp-content/uploads/2023/03/Logo-IBPE-award.png]
[ptsridewibaruna.co.id/wp-content/uploads/2023/03/Logo-EQS-award.png]
[ptsridewibaruna.co.id/wp-content/uploads/2023/03/Logo-CCS-award.png]
[ptsridewibaruna.co.id/wp-content/plugins/elementor-pro/assets/css/widget-posts.min.css]
[ptsridewibaruna.co.id/wp-content/uploads/2023/08/The-Dawn-of-Desert-Cruising-The-Rise-of-Cruise-Tourism-in-Saudi-Arabia.jpg]
[ptsridewibaruna.co.id/wp-content/uploads/2023/08/Embracing-the-Waves-Together.jpg]
[ptsridewibaruna.co.id/wp-content/uploads/2023/07/The-Impact-of-Indonesian-Cuisine-on-the-Cruise-Line-Industry-scaled.jpg]
[ptsridewibaruna.co.id/wp-content/uploads/elementor/css/custom-widget-icon-list.minc916.css]
[ptsridewibaruna.co.id/wp-content/uploads/2023/08/logo-1.png]
[ptsridewibaruna.co.id/wp-content/plugins/bdthemes-element-pack/assets/css/ep-advanced-buttone5af.css]
[ptsridewibaruna.co.id/id/the-dawn-of-desert-cruising-the-rise-of-cruise-tourism-in-saudi-arabia/index.html]
[ptsridewibaruna.co.id/wp-content/plugins/bdthemes-element-pack/assets/css/ep-fonte5af.css]
[ptsridewibaruna.co.id/id/embracing-the-waves-together/index.html]
[ptsridewibaruna.co.id/id/the-impact-of-indonesian-cuisine-on-the-cruise-line-industry/index.html]
[ptsridewibaruna.co.id/id/privacy-policy/index.html]
[ptsridewibaruna.co.id/wp-content/plugins/bdthemes-element-pack/assets/css/ep-review-card-carousele5af.css]
[ptsridewibaruna.co.id/wp-content/plugins/bdthemes-element-pack/assets/css/ep-logo-carousele5af.css]
[ptsridewibaruna.co.id/wp-content/plugins/bdthemes-element-pack/assets/css/tippye5af.css]
[ptsridewibaruna.co.id/wp-content/plugins/bdthemes-element-pack/assets/css/ep-lottie-icon-boxe5af.css]
[ptsridewibaruna.co.id/id/terms-conditions/index.html]
[ptsridewibaruna.co.id/id/organizational-chart/index.html]
[ptsridewibaruna.co.id/wp-content/plugins/bdthemes-element-pack/assets/css/ep-accordione5af.css]
[ptsridewibaruna.co.id/wp-content/uploads/elementor/css/post-98252c3.css]
[ptsridewibaruna.co.id/wp-content/plugins/elementor/assets/lib/animations/animations.mina3be.css]
[ptsridewibaruna.co.id/wp-content/plugins/translatepress-multilingual/assets/js/trp-translate-dom-changes0875.js]
[ptsridewibaruna.co.id/wp-content/themes/hello-elementor/assets/js/hello-frontend.min8a54.js]
[ptsridewibaruna.co.id/wp-content/plugins/essential-addons-for-elementor-lite/assets/front-end/js/view/general.min8bc9.js]
[ptsridewibaruna.co.id/wp-content/plugins/loftloader/assets/js/loftloader.mina709.js]
[ptsridewibaruna.co.id/wp-content/plugins/complianz-gdpr/cookiebanner/js/complianz.min84fc.js]
[ptsridewibaruna.co.id/wp-content/plugins/elementor-pro/assets/lib/smartmenus/jquery.smartmenus.minf269.js]
[ptsridewibaruna.co.id/wp-content/plugins/bdthemes-element-pack/assets/js/bdt-uikit.min5829.js]
[ptsridewibaruna.co.id/wp-content/plugins/elementor/assets/js/webpack.runtime.mina3be.js]
[ptsridewibaruna.co.id/wp-content/plugins/elementor/assets/js/frontend-modules.mina3be.js]
[ptsridewibaruna.co.id/wp-content/plugins/elementor/assets/lib/waypoints/waypoints.min05da.js]
[ptsridewibaruna.co.id/wp-includes/js/jquery/ui/core.min3f14.js]
[ptsridewibaruna.co.id/wp-content/plugins/elementor/assets/js/frontend.mina3be.js]
[ptsridewibaruna.co.id/wp-content/plugins/bdthemes-element-pack/assets/js/modules/ep-review-card-carousel.mine5af.js]
[ptsridewibaruna.co.id/wp-content/plugins/bdthemes-element-pack/assets/vendor/js/popper.min.js]
[ptsridewibaruna.co.id/wp-content/plugins/bdthemes-element-pack/assets/vendor/js/tippy.all.min.js]
[ptsridewibaruna.co.id/wp-content/plugins/bdthemes-element-pack/assets/js/modules/ep-logo-carousel.mine5af.js]
[ptsridewibaruna.co.id/wp-content/plugins/elementor/assets/lib/jquery-numerator/jquery-numerator.min3958.js]
[ptsridewibaruna.co.id/wp-includes/js/imagesloaded.mineda1.js]
[ptsridewibaruna.co.id/wp-content/plugins/bdthemes-element-pack/assets/vendor/js/lottie.mindac3.js]
[ptsridewibaruna.co.id/wp-content/plugins/bdthemes-element-pack/assets/js/modules/ep-lottie-icon-box.mine5af.js]
[ptsridewibaruna.co.id/wp-content/plugins/bdthemes-element-pack/assets/js/modules/ep-accordion.mine5af.js]
[ptsridewibaruna.co.id/wp-content/plugins/bdthemes-element-pack/assets/js/modules/ep-wrapper-link.mine5af.js]
[ptsridewibaruna.co.id/wp-content/plugins/bdthemes-element-pack/assets/js/common/helper.mine5af.js]
[ptsridewibaruna.co.id/wp-content/plugins/elementor-pro/assets/js/webpack-pro.runtime.min7740.js]
[ptsridewibaruna.co.id/wp-includes/js/dist/vendor/wp-polyfill-inert.min0226.js]
[ptsridewibaruna.co.id/wp-includes/js/dist/vendor/regenerator-runtime.min8fa4.js]
[ptsridewibaruna.co.id/wp-includes/js/dist/vendor/wp-polyfill.min2c7c.js]
[ptsridewibaruna.co.id/wp-includes/js/dist/hooks.min6c65.js]
[ptsridewibaruna.co.id/wp-includes/js/dist/i18n.mine57b.js]
[ptsridewibaruna.co.id/wp-content/plugins/elementor-pro/assets/js/frontend.min7740.js]
[ptsridewibaruna.co.id/wp-content/plugins/elementor-pro/assets/js/elements-handlers.min7740.js]
[ptsridewibaruna.co.id/wp-content/plugins/elementor-pro/assets/lib/sticky/jquery.sticky.min7740.js]
[ptsridewibaruna.co.id/wp-includes/js/underscore.mind584.js]
[ptsridewibaruna.co.id/wp-includes/js/wp-util.min3781.js]
[ptsridewibaruna.co.id/wp-content/plugins/wpforms/assets/js/integrations/elementor/frontend.minf90a.js]
[ptsridewibaruna.co.id/id/index.html]
[ptsridewibaruna.co.id/wp-content/plugins/bdthemes-element-pack/assets/css/bdt-uikit5829.css]
[ptsridewibaruna.co.id/wp-content/plugins/bdthemes-element-pack/assets/css/ep-helpere5af.css]
[ptsridewibaruna.co.id/wp-includes/css/dist/block-library/style.min3781.css]
[ptsridewibaruna.co.id/wp-includes/css/classic-themes.min3781.css]
[ptsridewibaruna.co.id/wp-content/plugins/translatepress-multilingual/assets/css/trp-language-switcher0875.css]
[ptsridewibaruna.co.id/wp-content/plugins/complianz-gdpr/assets/css/cookieblocker.min84fc.css]
[ptsridewibaruna.co.id/wp-content/themes/hello-elementor/style.minc141.css]
[ptsridewibaruna.co.id/wp-content/themes/hello-elementor/theme.minc141.css]
[ptsridewibaruna.co.id/wp-content/uploads/elementor/css/custom-frontend-lite.mine250.css]
[ptsridewibaruna.co.id/wp-content/uploads/elementor/css/post-264e250.css]
[ptsridewibaruna.co.id/wp-content/plugins/essential-addons-for-elementor-lite/assets/front-end/css/view/general.min8bc9.css]
[ptsridewibaruna.co.id/wp-content/uploads/essential-addons-elementor/eael-100af54.css]
[ptsridewibaruna.co.id/wp-content/plugins/elementor/assets/lib/eicons/css/elementor-icons.min3b94.css]
[ptsridewibaruna.co.id/wp-content/plugins/elementor/assets/lib/swiper/v8/css/swiper.min94a4.css]
[ptsridewibaruna.co.id/wp-content/uploads/elementor/css/custom-pro-frontend-lite.mine250.css]
[ptsridewibaruna.co.id/wp-content/uploads/elementor/css/global9a2a.css]
[ptsridewibaruna.co.id/wp-content/uploads/2023/04/mein-schiff-2.jpg]
[ptsridewibaruna.co.id/wp-content/uploads/2023/03/blob-green.png]
[ptsridewibaruna.co.id/wp-content/uploads/2023/03/06-1.png]
[ptsridewibaruna.co.id/wp-content/uploads/2023/03/06.png]
[ptsridewibaruna.co.id/wp-content/uploads/2023/03/side-of-ship.jpg]
[ptsridewibaruna.co.id/wp-content/uploads/2023/04/hero-mobile.jpg]
[ptsridewibaruna.co.id/wp-content/uploads/elementor/css/post-100bfdf.css]
[ptsridewibaruna.co.id/wp-content/uploads/elementor/css/post-849a2a.css]
[ptsridewibaruna.co.id/wp-content/uploads/elementor/css/post-80566f.css]
[ptsridewibaruna.co.id/wp-content/uploads/elementor/css/post-31875f57.css]
[ptsridewibaruna.co.id/wp-content/uploads/2023/03/blob-blue.png]
[ptsridewibaruna.co.id/wp-content/uploads/elementor/css/post-31295f57.css]
[ptsridewibaruna.co.id/wp-content/plugins/loftloader/assets/css/loftloader.mina709.css]
[ptsridewibaruna.co.id/wp-content/plugins/elementor/assets/lib/font-awesome/css/fontawesome.min52d5.css]
[ptsridewibaruna.co.id/wp-content/plugins/elementor/assets/lib/font-awesome/css/solid.min52d5.css]
[ptsridewibaruna.co.id/wp-content/plugins/elementor/assets/lib/font-awesome/css/brands.min52d5.css]
[ptsridewibaruna.co.id/wp-content/uploads/elementor/css/custom-pro-widget-nav-menu.minc916.css]
[ptsridewibaruna.co.id/wp-content/uploads/2023/04/Ketut-Sarini-2.png]
[ptsridewibaruna.co.id/wp-content/uploads/elementor/css/post-5443084.css]
[ptsridewibaruna.co.id/id/wp-json/wp/v2/pages/544.json]
[ptsridewibaruna.co.id/id/wp-json/oembed/1.0/embedf49b.json]
[ptsridewibaruna.co.id/id/wp-json/oembed/1.0/embede9a4]
[ptsridewibaruna.co.id/wp-content/uploads/2023/04/Alain-Doenlen.png]
[ptsridewibaruna.co.id/id/about-us/index.html]
[ptsridewibaruna.co.id/wp-content/uploads/elementor/css/custom-widget-icon-box.min8868.css]
[ptsridewibaruna.co.id/wp-content/plugins/wpforms/assets/css/wpforms-full.minf90a.css]
[ptsridewibaruna.co.id/wp-content/uploads/elementor/css/post-616d979.css]
[ptsridewibaruna.co.id/id/wp-json/wp/v2/pages/616.json]
[ptsridewibaruna.co.id/id/wp-json/oembed/1.0/embedf44f.json]
[ptsridewibaruna.co.id/id/wp-json/oembed/1.0/embeddcba]
[ptsridewibaruna.co.id/wp-content/uploads/2023/04/WNA-ship.jpg]
[ptsridewibaruna.co.id/wp-content/uploads/2024/04/lowongan-1-768x768.jpg]
[ptsridewibaruna.co.id/wp-content/uploads/2024/04/lowongan-2-1024x1024.jpg]
[ptsridewibaruna.co.id/wp-content/uploads/2023/04/what-we-offer.png]
[ptsridewibaruna.co.id/wp-content/uploads/2023/04/network-green.png]
[ptsridewibaruna.co.id/wp-content/plugins/bdthemes-element-pack/assets/css/ep-featured-boxe5af.css]
[ptsridewibaruna.co.id/wp-content/plugins/bdthemes-element-pack/assets/css/ep-advanced-icon-boxe5af.css]
[ptsridewibaruna.co.id/wp-content/plugins/wpforms/assets/pro/css/fields/phone/intl-tel-input.min8d96.css]
[ptsridewibaruna.co.id/wp-content/plugins/wpforms/assets/pro/css/dropzone.min7404.css]
[ptsridewibaruna.co.id/wp-content/plugins/wpforms/assets/pro/css/fields/layout.minf90a.css]
[ptsridewibaruna.co.id/wp-content/uploads/essential-addons-elementor/eael-3725e4cb.css]
[ptsridewibaruna.co.id/wp-content/uploads/elementor/css/post-37254c56.css]
[ptsridewibaruna.co.id/wp-content/uploads/essential-addons-elementor/eael-3728e4cb.css]
[ptsridewibaruna.co.id/wp-content/uploads/elementor/css/post-37284c56.css]
[ptsridewibaruna.co.id/wp-content/plugins/bdthemes-element-pack/assets/js/modules/ep-advanced-icon-box.mine5af.js]
[ptsridewibaruna.co.id/wp-content/plugins/wpforms/assets/pro/lib/intl-tel-input/jquery.intl-tel-input.min8d96.js]
[ptsridewibaruna.co.id/wp-content/plugins/wpforms/assets/pro/lib/dropzone.min7404.js]
[ptsridewibaruna.co.id/wp-content/plugins/wpforms/assets/js/wpforms.minf90a.js]
[ptsridewibaruna.co.id/wp-content/plugins/wpforms/assets/pro/js/wpforms-file-upload.minf90a.js]
[ptsridewibaruna.co.id/wp-content/plugins/wpforms/assets/lib/jquery.validate.min7e9d.js]
[ptsridewibaruna.co.id/wp-content/plugins/wpforms/assets/lib/jquery.inputmask.minb4c5.js]
[ptsridewibaruna.co.id/wp-content/plugins/wpforms/assets/lib/mailcheck.mincfa9.js]
[ptsridewibaruna.co.id/wp-content/plugins/wpforms/assets/lib/punycode.min8a54.js]
[ptsridewibaruna.co.id/wp-content/plugins/wpforms/assets/js/utils.minf90a.js]
[ptsridewibaruna.co.id/id/join-our-team/index.html]
[ptsridewibaruna.co.id/wp-content/uploads/elementor/css/post-65593aa.css]
[ptsridewibaruna.co.id/id/wp-json/wp/v2/pages/655.json]
[ptsridewibaruna.co.id/id/our-selection-process/index.html]
[ptsridewibaruna.co.id/id/wp-json/oembed/1.0/embedbf3f]
[ptsridewibaruna.co.id/wp-content/uploads/essential-addons-elementor/eael-669c56f.css]
[ptsridewibaruna.co.id/wp-content/uploads/elementor/css/post-669b0bd.css]
[ptsridewibaruna.co.id/id/wp-json/wp/v2/pages/669.json]
[ptsridewibaruna.co.id/id/wp-json/oembed/1.0/embed1d67.json]
[ptsridewibaruna.co.id/id/wp-json/oembed/1.0/embedf48b]
[ptsridewibaruna.co.id/wp-content/uploads/2023/04/Indonesia-Best-of-Award-2020-22.18.25.jpg]
[ptsridewibaruna.co.id/wp-content/uploads/2023/04/3.jpg]
[ptsridewibaruna.co.id/wp-content/uploads/2023/04/indonesian-business-professional-education-award-201941.jpg]
[ptsridewibaruna.co.id/id/gallery/indonesian-business-professional-education-award-2020/index.html]
[ptsridewibaruna.co.id/id/gallery/indonesia-best-of-award-2020/index.html]
[ptsridewibaruna.co.id/wp-content/uploads/2023/04/Indonesia-Best-of-Award-2020-23.09.08-1-768x576.jpg]
[ptsridewibaruna.co.id/id/gallery/indonesia-award-magzine-2024/index.html]
[ptsridewibaruna.co.id/wp-content/uploads/2023/04/Indonesia-Best-of-Award-2020-23.09.08-1.jpg]
[ptsridewibaruna.co.id/id/gallery/indonesian-business-professional-education-award-2019/index.html]
[ptsridewibaruna.co.id/wp-content/uploads/2023/04/Indonesia-Best-of-Award-2020-23.09.12-768x576.jpg]
[ptsridewibaruna.co.id/wp-content/uploads/2023/04/Indonesia-Best-of-Award-2020-23.09.12.jpg]
[ptsridewibaruna.co.id/wp-content/uploads/2023/04/Indonesia-Best-of-Award-2020-23.09.12-1-768x1024.jpg]
[ptsridewibaruna.co.id/id/gallery/crew-departure-23/index.html]
[ptsridewibaruna.co.id/id/gallery/crew-departure-2024/index.html]
[ptsridewibaruna.co.id/wp-content/uploads/2023/04/Indonesia-Best-of-Award-2020-23.09.12-1.jpg]
[ptsridewibaruna.co.id/wp-content/uploads/2023/04/Indonesia-Best-of-Award-2020-23.09.14-1-768x1024.jpg]
[ptsridewibaruna.co.id/wp-content/uploads/2023/04/Indonesia-Best-of-Award-2020-23.09.14-1.jpg]
[ptsridewibaruna.co.id/wp-content/uploads/2023/04/Indonesia-Best-of-Award-2020-21.41.27-2-768x576.jpg]
[ptsridewibaruna.co.id/wp-content/uploads/2023/04/Indonesia-Best-of-Award-2020-21.41.27-2.jpg]
[ptsridewibaruna.co.id/wp-content/uploads/2023/04/Indonesia-Best-of-Award-2020-22.18.25-768x576.jpg]
[ptsridewibaruna.co.id/wp-content/uploads/2023/04/5-768x576.jpg]
[ptsridewibaruna.co.id/wp-content/uploads/2023/04/5.jpg]
[ptsridewibaruna.co.id/wp-content/uploads/2023/04/6-768x1024.jpg]
[ptsridewibaruna.co.id/wp-content/uploads/2023/04/6.jpg]
[ptsridewibaruna.co.id/wp-content/uploads/2023/04/7-768x1024.jpg]
[ptsridewibaruna.co.id/wp-content/uploads/2023/04/7.jpg]
[ptsridewibaruna.co.id/wp-content/uploads/2023/04/8-768x1025.jpg]
[ptsridewibaruna.co.id/wp-content/uploads/2023/04/8.jpg]
[ptsridewibaruna.co.id/wp-content/uploads/2023/04/3-768x1024.jpg]
[ptsridewibaruna.co.id/wp-content/uploads/2023/04/4-768x432.jpg]
[ptsridewibaruna.co.id/wp-content/uploads/2023/04/4.jpg]
[ptsridewibaruna.co.id/wp-content/uploads/2023/04/indonesian-business-professional-education-award-201941-768x575.jpg]
[ptsridewibaruna.co.id/wp-content/uploads/2023/04/indonesian-business-professional-educatio-1-768x576.jpg]
[ptsridewibaruna.co.id/wp-content/uploads/2023/04/indonesian-business-professional-educatio-1.jpg]
[ptsridewibaruna.co.id/wp-content/uploads/2023/04/indonesian-business-professional-educatio-2-768x1025.jpg]
[ptsridewibaruna.co.id/wp-content/uploads/2023/04/indonesian-business-professional-educatio-2.jpg]
[ptsridewibaruna.co.id/wp-content/uploads/2023/04/indonesian-business-professional-educatio-3-768x1025.jpg]
[ptsridewibaruna.co.id/wp-content/uploads/2023/04/indonesian-business-professional-educatio-3.jpg]
[ptsridewibaruna.co.id/wp-content/uploads/2023/04/indonesian-business-professional-educatio-4-768x1025.jpg]
[ptsridewibaruna.co.id/wp-content/uploads/2023/04/indonesian-business-professional-educatio-4.jpg]
[ptsridewibaruna.co.id/wp-content/uploads/2023/04/indonesian-business-professional-education-aw-768x575.jpg]
[ptsridewibaruna.co.id/wp-content/uploads/2023/04/indonesian-business-professional-education-aw.jpg]
[ptsridewibaruna.co.id/wp-content/uploads/2023/04/IMG_9660-Medium-768x576.jpg]
[ptsridewibaruna.co.id/wp-content/uploads/2023/04/IMG_9660-Medium.jpg]
[ptsridewibaruna.co.id/wp-content/uploads/2023/04/4B56E9E3-4D5E-4365-BC88-EB804CB35EF9-Medium-e1711764719440-768x609.jpg]
[ptsridewibaruna.co.id/wp-content/uploads/2023/04/4B56E9E3-4D5E-4365-BC88-EB804CB35EF9-Medium-e1711764719440.jpg]
[ptsridewibaruna.co.id/wp-content/uploads/2023/04/IMG_9455-Medium-768x576.jpg]
[ptsridewibaruna.co.id/wp-content/uploads/2023/04/IMG_9455-Medium.jpg]
[ptsridewibaruna.co.id/wp-content/uploads/2023/04/IMG_2494-Medium-768x576.jpg]
[ptsridewibaruna.co.id/wp-content/uploads/2023/04/IMG_2494-Medium.jpg]
[ptsridewibaruna.co.id/wp-content/uploads/2023/04/IMG_3723-Medium-768x576.jpg]
[ptsridewibaruna.co.id/wp-content/uploads/2023/04/IMG_3723-Medium.jpg]
[ptsridewibaruna.co.id/wp-content/uploads/2023/04/IMG_3429-Medium-768x576.jpg]
[ptsridewibaruna.co.id/wp-content/uploads/2023/04/IMG_3429-Medium.jpg]
[ptsridewibaruna.co.id/wp-content/uploads/2023/04/IMG_1461-Medium-768x576.jpg]
[ptsridewibaruna.co.id/wp-content/uploads/2023/04/IMG_1461-Medium.jpg]
[ptsridewibaruna.co.id/wp-content/uploads/2023/04/IMG_9856-Medium-768x576.jpg]
[ptsridewibaruna.co.id/wp-content/uploads/2023/04/IMG_9856-Medium.jpg]
[ptsridewibaruna.co.id/wp-content/uploads/2023/04/IMG_8197-Medium-768x576.jpg]
[ptsridewibaruna.co.id/wp-content/uploads/2023/04/IMG_8197-Medium.jpg]
[ptsridewibaruna.co.id/wp-content/uploads/2023/04/IMG_20230301_185418-Medium-768x576.jpg]
[ptsridewibaruna.co.id/wp-content/uploads/2023/04/IMG_20230301_185418-Medium.jpg]
[ptsridewibaruna.co.id/wp-content/uploads/2023/04/08.03.2023-Medium-768x576.jpg]
[ptsridewibaruna.co.id/wp-content/uploads/2023/04/08.03.2023-Medium.jpg]
[ptsridewibaruna.co.id/wp-content/uploads/2023/04/08.03.2023a-Medium-768x576.jpg]
[ptsridewibaruna.co.id/wp-content/uploads/2023/04/08.03.2023a-Medium.jpg]
[ptsridewibaruna.co.id/wp-content/uploads/2023/04/08.03.2023b-Medium-768x576.jpg]
[ptsridewibaruna.co.id/wp-content/uploads/2023/04/08.03.2023b-Medium.jpg]
[ptsridewibaruna.co.id/wp-content/uploads/2023/04/08.03.2023c1-Medium-768x576.jpg]
[ptsridewibaruna.co.id/wp-content/uploads/2023/04/08.03.2023c1-Medium.jpg]
[ptsridewibaruna.co.id/wp-content/uploads/2023/04/09.03.2023-Medium-768x576.jpg]
[ptsridewibaruna.co.id/wp-content/uploads/2023/04/09.03.2023-Medium.jpg]
[ptsridewibaruna.co.id/wp-content/uploads/2023/04/IMG_20230301_091802-Medium-768x576.jpg]
[ptsridewibaruna.co.id/wp-content/uploads/2023/04/IMG_20230301_091802-Medium.jpg]
[ptsridewibaruna.co.id/wp-content/uploads/2023/04/IMG_20230301_141259-Medium-768x576.jpg]
[ptsridewibaruna.co.id/wp-content/uploads/2023/04/IMG_20230301_141259-Medium.jpg]
[ptsridewibaruna.co.id/wp-content/uploads/2023/04/IMG_20230301_151428-Medium-768x576.jpg]
[ptsridewibaruna.co.id/wp-content/uploads/2023/04/IMG_20230301_151428-Medium.jpg]
[ptsridewibaruna.co.id/wp-content/uploads/2023/04/IMG_20230301_153918-Medium-768x576.jpg]
[ptsridewibaruna.co.id/wp-content/uploads/2023/04/IMG_20230301_153918-Medium.jpg]
[ptsridewibaruna.co.id/wp-content/uploads/2023/04/IMG_20230211_213523-Medium-768x576.jpg]
[ptsridewibaruna.co.id/wp-content/uploads/2023/04/IMG_20230211_213523-Medium.jpg]
[ptsridewibaruna.co.id/wp-content/uploads/2023/04/IMG_20230212_141638-Medium-768x576.jpg]
[ptsridewibaruna.co.id/wp-content/uploads/2023/04/IMG_20230212_141638-Medium.jpg]
[ptsridewibaruna.co.id/wp-content/uploads/2023/04/IMG_20230212_153954-Medium-768x576.jpg]
[ptsridewibaruna.co.id/wp-content/uploads/2023/04/IMG_20230212_153954-Medium.jpg]
[ptsridewibaruna.co.id/wp-content/uploads/2023/04/IMG_20230212_165117-Medium-768x576.jpg]
[ptsridewibaruna.co.id/wp-content/uploads/2023/04/IMG_20230212_165117-Medium.jpg]
[ptsridewibaruna.co.id/wp-content/uploads/2023/04/IMG_20230213_184403-Medium-768x576.jpg]
[ptsridewibaruna.co.id/wp-content/uploads/2023/04/IMG_20230213_184403-Medium.jpg]
[ptsridewibaruna.co.id/wp-content/uploads/2023/04/IMG_20230213_204154-Medium-768x576.jpg]
[ptsridewibaruna.co.id/wp-content/uploads/2023/04/IMG_20230213_204154-Medium.jpg]
[ptsridewibaruna.co.id/wp-content/uploads/2023/04/IMG_20230213_205123-Medium-768x576.jpg]
[ptsridewibaruna.co.id/wp-content/uploads/2023/04/IMG_20230213_205123-Medium.jpg]
[ptsridewibaruna.co.id/wp-content/uploads/2023/04/IMG_20230207_153347-Medium-768x576.jpg]
[ptsridewibaruna.co.id/wp-content/uploads/2023/04/IMG_20230207_153347-Medium.jpg]
[ptsridewibaruna.co.id/wp-content/uploads/2023/04/IMG_20230211_183158-Medium-768x576.jpg]
[ptsridewibaruna.co.id/wp-content/uploads/2023/04/IMG_20230211_183158-Medium.jpg]
[ptsridewibaruna.co.id/wp-content/uploads/2023/04/IMG_20230211_184414-Medium-768x576.jpg]
[ptsridewibaruna.co.id/wp-content/uploads/2023/04/IMG_20230211_184414-Medium.jpg]
[ptsridewibaruna.co.id/wp-content/plugins/elementor/assets/lib/font-awesome/css/all.min8bc9.css]
[ptsridewibaruna.co.id/wp-content/plugins/elementor/assets/lib/font-awesome/css/v4-shims.min8bc9.css]
[ptsridewibaruna.co.id/wp-content/plugins/bdthemes-element-pack/assets/css/ep-advanced-image-gallerye5af.css]
[ptsridewibaruna.co.id/wp-content/uploads/essential-addons-elementor/eael-669c56f.js]
[ptsridewibaruna.co.id/wp-content/plugins/elementor/assets/lib/font-awesome/js/v4-shims.min8bc9.js]
[ptsridewibaruna.co.id/wp-content/plugins/bdthemes-element-pack/assets/vendor/js/jquery.justifiedGallery.min8a54.js]
[ptsridewibaruna.co.id/wp-content/plugins/bdthemes-element-pack/assets/vendor/js/vanilla-tilt.min.js]
[ptsridewibaruna.co.id/wp-content/plugins/bdthemes-element-pack/assets/js/modules/ep-advanced-image-gallery.mine5af.js]
[ptsridewibaruna.co.id/id/gallery/index.html]
[ptsridewibaruna.co.id/wp-content/uploads/elementor/css/post-72ca13.css]
[ptsridewibaruna.co.id/wp-content/uploads/2023/07/The-Journey-of-a-Chef-From-Culinary-School-to-Cruise-Ship-scaled.jpg]
[ptsridewibaruna.co.id/wp-content/uploads/2023/06/upholding-the-maritime-labour-convention-2006.jpg]
[ptsridewibaruna.co.id/wp-content/uploads/2023/06/No-Agency-Fees.jpg]
[ptsridewibaruna.co.id/wp-content/uploads/2023/05/Life-at-Sea-A-Day-in-the-Life-of-a-Cruise-Ship-Professional.jpg]
[ptsridewibaruna.co.id/wp-content/uploads/2023/05/Discover-the-World-Aboard-a-Cruise-Ship-Exciting-Career-Opportunities-Await-Medium.jpg]
[ptsridewibaruna.co.id/wp-content/uploads/2023/04/MEIN-SCHIFF-HERZ-2-Medium.jpg]
[ptsridewibaruna.co.id/id/the-journey-of-a-chef-from-culinary-school-to-cruise-ship/index.html]
[ptsridewibaruna.co.id/wp-content/uploads/2023/04/ship-image-9-Medium.jpg]
[ptsridewibaruna.co.id/id/know-your-rights-upholding-the-maritime-labour-convention-2006-at-pt-sri-dewi-baruna/index.html]
[ptsridewibaruna.co.id/id/pt-sri-dewi-baruna-no-agency-fees-and-upholding-mlc-2006-standards-in-maritime-recruitment/index.html]
[ptsridewibaruna.co.id/wp-content/plugins/elementor-pro/assets/css/widget-theme-elements.min.css]
[ptsridewibaruna.co.id/id/blog/index.html]
[ptsridewibaruna.co.id/id/life-at-sea-a-day-in-the-life-of-a-cruise-ship-professional/index.html]
[ptsridewibaruna.co.id/id/discover-the-world-aboard-a-cruise-ship-exciting-career-opportunities-await/index.html]
[ptsridewibaruna.co.id/id/the-cruise-line-industry-after-covid/index.html]
[ptsridewibaruna.co.id/id/navigating-the-seas-of-the-cruise-line-industry/index.html]
[ptsridewibaruna.co.id/wp-content/uploads/elementor/css/post-697132b.css]
[ptsridewibaruna.co.id/id/category/cruise-industry-news/index.html]
[ptsridewibaruna.co.id/id/category/employee-spotlights/index.html]
[ptsridewibaruna.co.id/id/category/job-seeking-tips/index.html]
[ptsridewibaruna.co.id/id/wp-json/wp/v2/pages/697.json]
[ptsridewibaruna.co.id/id/category/uncategorized/index.html]
[ptsridewibaruna.co.id/id/wp-json/oembed/1.0/embedcc55.json]
[ptsridewibaruna.co.id/id/wp-json/oembed/1.0/embed1655]
[ptsridewibaruna.co.id/id/contact-us/index.html]
[ptsridewibaruna.co.id/wp-content/plugins/elementor-pro/assets/css/widget-carousel.min.css]
[ptsridewibaruna.co.id/wp-content/plugins/elementor-pro/assets/css/widget-posts.min.css]
[ptsridewibaruna.co.id/wp-content/uploads/elementor/css/post-77a16b.css]
[ptsridewibaruna.co.id/id/wp-json/wp/v2/posts/3125.json]
[ptsridewibaruna.co.id/id/the-dawn-of-desert-cruising-the-rise-of-cruise-tourism-in-saudi-arabia/feed/index.html]
[ptsridewibaruna.co.id/id/wp-json/oembed/1.0/embed5c82.json]
[ptsridewibaruna.co.id/id/wp-json/oembed/1.0/embed7b19]
[ptsridewibaruna.co.id/wp-content/plugins/elementor-pro/assets/css/widget-share-buttons.min.css]
[ptsridewibaruna.co.id/wp-content/plugins/elementor/assets/lib/font-awesome/css/regular.min52d5.css]
[ptsridewibaruna.co.id/id/the-dawn-of-desert-cruising-the-rise-of-cruise-tourism-in-saudi-arabia/index.html]
[ptsridewibaruna.co.id/id/wp-json/wp/v2/posts/3121.json]
[ptsridewibaruna.co.id/id/embracing-the-waves-together/feed/index.html]
[ptsridewibaruna.co.id/id/2023/08/10/index.html]
[ptsridewibaruna.co.id/id/wp-json/oembed/1.0/embedbd4c.json]
[ptsridewibaruna.co.id/id/wp-json/oembed/1.0/embedba3e]
[ptsridewibaruna.co.id/id/embracing-the-waves-together/index.html]
[ptsridewibaruna.co.id/id/wp-json/wp/v2/posts/3117.json]
[ptsridewibaruna.co.id/id/the-impact-of-indonesian-cuisine-on-the-cruise-line-industry/feed/index.html]
[ptsridewibaruna.co.id/id/wp-json/oembed/1.0/embed5550.json]
[ptsridewibaruna.co.id/id/2023/08/09/index.html]
[ptsridewibaruna.co.id/id/wp-json/oembed/1.0/embed4d17]
[ptsridewibaruna.co.id/id/the-impact-of-indonesian-cuisine-on-the-cruise-line-industry/index.html]
[ptsridewibaruna.co.id/wp-content/uploads/elementor/css/custom-widget-icon-list.minc916.css]
[ptsridewibaruna.co.id/wp-content/uploads/elementor/css/post-715e5c2.css]
[ptsridewibaruna.co.id/id/wp-json/wp/v2/pages/715.json]
[ptsridewibaruna.co.id/id/2023/07/22/index.html]
[ptsridewibaruna.co.id/id/wp-json/oembed/1.0/embedfb91.json]
[ptsridewibaruna.co.id/id/privacy-policy/index.html]
[ptsridewibaruna.co.id/id/wp-json/oembed/1.0/embed8458]
[ptsridewibaruna.co.id/wp-content/uploads/elementor/css/post-733fb83.css]
[ptsridewibaruna.co.id/id/wp-json/wp/v2/pages/733.json]
[ptsridewibaruna.co.id/id/wp-json/oembed/1.0/embedba72.json]
[ptsridewibaruna.co.id/id/wp-json/oembed/1.0/embed6346]
[ptsridewibaruna.co.id/id/terms-conditions/index.html]
[ptsridewibaruna.co.id/wp-content/uploads/elementor/css/post-1742f242.css]
[ptsridewibaruna.co.id/id/wp-json/wp/v2/pages/1742.json]
[ptsridewibaruna.co.id/id/wp-json/oembed/1.0/embedc076.json]
[ptsridewibaruna.co.id/id/wp-json/oembed/1.0/embede662]
[ptsridewibaruna.co.id/id/organizational-chart/index.html]
[ptsridewibaruna.co.id/wp-content/plugins/bdthemes-element-pack/assets/css/ep-advanced-buttone5af.css]
[ptsridewibaruna.co.id/wp-content/plugins/bdthemes-element-pack/assets/css/ep-fonte5af.css]
[ptsridewibaruna.co.id/wp-content/plugins/bdthemes-element-pack/assets/css/ep-review-card-carousele5af.css]
[ptsridewibaruna.co.id/wp-content/plugins/bdthemes-element-pack/assets/css/ep-logo-carousele5af.css]
[ptsridewibaruna.co.id/wp-content/plugins/bdthemes-element-pack/assets/css/tippye5af.css]
[ptsridewibaruna.co.id/wp-content/plugins/bdthemes-element-pack/assets/css/ep-lottie-icon-boxe5af.css]
[ptsridewibaruna.co.id/wp-content/plugins/bdthemes-element-pack/assets/css/ep-accordione5af.css]
[ptsridewibaruna.co.id/wp-content/uploads/elementor/css/post-98252c3.css]
[ptsridewibaruna.co.id/wp-content/plugins/elementor/assets/lib/animations/animations.mina3be.css]
[ptsridewibaruna.co.id/wp-content/uploads/essential-addons-elementor/eael-100af54.js]
[ptsridewibaruna.co.id/wp-content/uploads/2023/04/mein-schiff-3.jpg]
[ptsridewibaruna.co.id/wp-content/uploads/2023/03/blob-green-new-2.png]
[ptsridewibaruna.co.id/wp-content/uploads/2023/04/mein-schiff-5.jpg]
[ptsridewibaruna.co.id/wp-content/uploads/elementor/css/post-5443084.css]
[ptsridewibaruna.co.id/id/index044f.html]
[ptsridewibaruna.co.id/wp-content/uploads/elementor/css/custom-widget-icon-box.min8868.css]
[ptsridewibaruna.co.id/wp-content/plugins/wpforms/assets/css/wpforms-full.minf90a.css]
[ptsridewibaruna.co.id/wp-content/uploads/2023/04/mein-schiff-6.jpg]
[ptsridewibaruna.co.id/wp-content/uploads/2023/04/ship-image-18.jpg]
[ptsridewibaruna.co.id/wp-content/uploads/elementor/css/post-616d979.css]
[ptsridewibaruna.co.id/id/index8372.html]
[ptsridewibaruna.co.id/wp-content/plugins/bdthemes-element-pack/assets/css/ep-featured-boxe5af.css]
[ptsridewibaruna.co.id/wp-content/plugins/bdthemes-element-pack/assets/css/ep-advanced-icon-boxe5af.css]
[ptsridewibaruna.co.id/wp-content/plugins/wpforms/assets/pro/images/vendor/intl-tel-input-flags.png]
[ptsridewibaruna.co.id/wp-content/plugins/wpforms/assets/pro/images/vendor/intl-tel-input-flags@2x.png]
[ptsridewibaruna.co.id/wp-content/plugins/wpforms/assets/pro/css/fields/phone/intl-tel-input.min8d96.css]
[ptsridewibaruna.co.id/wp-content/plugins/wpforms/assets/pro/css/dropzone.min7404.css]
[ptsridewibaruna.co.id/wp-content/plugins/wpforms/assets/pro/css/fields/layout.minf90a.css]
[ptsridewibaruna.co.id/wp-content/uploads/essential-addons-elementor/eael-3725e4cb.css]
[ptsridewibaruna.co.id/wp-content/uploads/elementor/css/post-37254c56.css]
[ptsridewibaruna.co.id/wp-content/uploads/essential-addons-elementor/eael-3728e4cb.css]
[ptsridewibaruna.co.id/wp-content/uploads/elementor/css/post-37284c56.css]
[ptsridewibaruna.co.id/wp-content/uploads/essential-addons-elementor/eael-3725e4cb.js]
[ptsridewibaruna.co.id/wp-content/uploads/essential-addons-elementor/eael-3728e4cb.js]
[ptsridewibaruna.co.id/wp-content/uploads/2023/04/ship-image-21.jpg]
[ptsridewibaruna.co.id/wp-content/uploads/2023/04/5-1.jpg]
[ptsridewibaruna.co.id/wp-content/uploads/elementor/css/post-65593aa.css]
[ptsridewibaruna.co.id/id/indexef11.html]
[ptsridewibaruna.co.id/wp-content/uploads/essential-addons-elementor/eael-669c56f.css]
[ptsridewibaruna.co.id/wp-content/uploads/2023/03/2.jpg]
[ptsridewibaruna.co.id/wp-content/uploads/elementor/css/post-669b0bd.css]
[ptsridewibaruna.co.id/id/indexd52c.html]
[ptsridewibaruna.co.id/wp-content/uploads/elementor/css/post-380700cf.css]
[ptsridewibaruna.co.id/id/wp-json/oembed/1.0/embed88de]
[ptsridewibaruna.co.id/id/wp-json/wp/v2/pages/3807.json]
[ptsridewibaruna.co.id/id/wp-json/oembed/1.0/embed0f1b.json]
[ptsridewibaruna.co.id/id/wp-json/oembed/1.0/embed5586]
[ptsridewibaruna.co.id/id/gallery/indonesia-award-magzine-2024/index.html]
[ptsridewibaruna.co.id/wp-content/uploads/elementor/css/post-3692cadf.css]
[ptsridewibaruna.co.id/id/wp-json/wp/v2/pages/3692.json]
[ptsridewibaruna.co.id/id/wp-json/oembed/1.0/embed0eb1.json]
[ptsridewibaruna.co.id/id/wp-json/oembed/1.0/embed8c21]
[ptsridewibaruna.co.id/id/gallery/indonesia-best-of-award-2020/index.html]
[ptsridewibaruna.co.id/wp-content/uploads/elementor/css/post-3698e1fb.css]
[ptsridewibaruna.co.id/id/wp-json/wp/v2/pages/3698.json]
[ptsridewibaruna.co.id/id/wp-json/oembed/1.0/embed5eaa.json]
[ptsridewibaruna.co.id/id/gallery/indonesian-business-professional-education-award-2020/index.html]
[ptsridewibaruna.co.id/id/wp-json/oembed/1.0/embedb17e]
[ptsridewibaruna.co.id/wp-content/uploads/elementor/css/post-3704fff2.css]
[ptsridewibaruna.co.id/id/wp-json/wp/v2/pages/3704.json]
[ptsridewibaruna.co.id/id/wp-json/oembed/1.0/embed3316.json]
[ptsridewibaruna.co.id/id/wp-json/oembed/1.0/embed0718]
[ptsridewibaruna.co.id/id/gallery/indonesian-business-professional-education-award-2019/index.html]
[ptsridewibaruna.co.id/wp-content/uploads/elementor/css/post-3344a5eb.css]
[ptsridewibaruna.co.id/id/wp-json/wp/v2/pages/3344.json]
[ptsridewibaruna.co.id/id/wp-json/oembed/1.0/embed232d.json]
[ptsridewibaruna.co.id/id/wp-json/oembed/1.0/embed3050]
[ptsridewibaruna.co.id/id/gallery/crew-departure-23/index.html]
[ptsridewibaruna.co.id/wp-content/uploads/elementor/css/post-35925d56.css]
[ptsridewibaruna.co.id/id/wp-json/wp/v2/pages/3592.json]
[ptsridewibaruna.co.id/id/wp-json/oembed/1.0/embed8add.json]
[ptsridewibaruna.co.id/id/wp-json/oembed/1.0/embedef0a]
[ptsridewibaruna.co.id/id/gallery/crew-departure-2024/index.html]
[ptsridewibaruna.co.id/wp-content/plugins/elementor/assets/lib/font-awesome/css/all.min8bc9.css]
[ptsridewibaruna.co.id/wp-content/plugins/elementor/assets/lib/font-awesome/css/v4-shims.min8bc9.css]
[ptsridewibaruna.co.id/wp-content/plugins/bdthemes-element-pack/assets/css/ep-advanced-image-gallerye5af.css]
[ptsridewibaruna.co.id/wp-content/uploads/2023/03/asian-college-student-on-campus-Medium.html]
[ptsridewibaruna.co.id/wp-content/uploads/2023/03/ship-image-14.jpg]
[ptsridewibaruna.co.id/wp-content/uploads/elementor/css/post-72ca13.css]
[ptsridewibaruna.co.id/id/the-journey-of-a-chef-from-culinary-school-to-cruise-ship/feed/index.html]
[ptsridewibaruna.co.id/id/wp-json/wp/v2/posts/3113.json]
[ptsridewibaruna.co.id/id/wp-json/oembed/1.0/embedaf65.json]
[ptsridewibaruna.co.id/id/the-journey-of-a-chef-from-culinary-school-to-cruise-ship/index.html]
[ptsridewibaruna.co.id/id/wp-json/oembed/1.0/embed0351]
[ptsridewibaruna.co.id/id/wp-json/wp/v2/posts/3109.json]
[ptsridewibaruna.co.id/id/know-your-rights-upholding-the-maritime-labour-convention-2006-at-pt-sri-dewi-baruna/feed/index.html]
[ptsridewibaruna.co.id/id/wp-json/oembed/1.0/embedec5c.json]
[ptsridewibaruna.co.id/id/know-your-rights-upholding-the-maritime-labour-convention-2006-at-pt-sri-dewi-baruna/index.html]
[ptsridewibaruna.co.id/id/wp-json/oembed/1.0/embedafbd]
[ptsridewibaruna.co.id/id/pt-sri-dewi-baruna-no-agency-fees-and-upholding-mlc-2006-standards-in-maritime-recruitment/feed/index.html]
[ptsridewibaruna.co.id/id/wp-json/wp/v2/posts/3106.json]
[ptsridewibaruna.co.id/id/2023/06/26/index.html]
[ptsridewibaruna.co.id/id/wp-json/oembed/1.0/embed909f.json]
[ptsridewibaruna.co.id/id/pt-sri-dewi-baruna-no-agency-fees-and-upholding-mlc-2006-standards-in-maritime-recruitment/index.html]
[ptsridewibaruna.co.id/id/wp-json/oembed/1.0/embedbefc]
[ptsridewibaruna.co.id/id/wp-json/wp/v2/posts/3101.json]
[ptsridewibaruna.co.id/id/life-at-sea-a-day-in-the-life-of-a-cruise-ship-professional/feed/index.html]
[ptsridewibaruna.co.id/id/wp-json/oembed/1.0/embed2de4.json]
[ptsridewibaruna.co.id/id/life-at-sea-a-day-in-the-life-of-a-cruise-ship-professional/index.html]
[ptsridewibaruna.co.id/id/wp-json/oembed/1.0/embed9dde]
[ptsridewibaruna.co.id/id/discover-the-world-aboard-a-cruise-ship-exciting-career-opportunities-await/feed/index.html]
[ptsridewibaruna.co.id/id/wp-json/wp/v2/posts/3098.json]
[ptsridewibaruna.co.id/id/wp-json/oembed/1.0/embed93e5.json]
[ptsridewibaruna.co.id/id/2023/05/12/index.html]
[ptsridewibaruna.co.id/id/discover-the-world-aboard-a-cruise-ship-exciting-career-opportunities-await/index.html]
[ptsridewibaruna.co.id/id/wp-json/oembed/1.0/embed3a7e]
[ptsridewibaruna.co.id/id/the-cruise-line-industry-after-covid/feed/index.html]
[ptsridewibaruna.co.id/id/wp-json/wp/v2/posts/1368.json]
[ptsridewibaruna.co.id/id/wp-json/oembed/1.0/embed4b97.json]
[ptsridewibaruna.co.id/id/wp-json/oembed/1.0/embed78cd]
[ptsridewibaruna.co.id/id/the-cruise-line-industry-after-covid/index.html]
[ptsridewibaruna.co.id/id/navigating-the-seas-of-the-cruise-line-industry/feed/index.html]
[ptsridewibaruna.co.id/id/wp-json/wp/v2/posts/1365.json]
[ptsridewibaruna.co.id/id/wp-json/oembed/1.0/embed46fc.json]
[ptsridewibaruna.co.id/id/2023/04/01/index.html]
[ptsridewibaruna.co.id/id/wp-json/oembed/1.0/embedf37e]
[ptsridewibaruna.co.id/id/navigating-the-seas-of-the-cruise-line-industry/index.html]
[ptsridewibaruna.co.id/wp-content/plugins/elementor-pro/assets/css/widget-theme-elements.min.css]
[ptsridewibaruna.co.id/id/wp-json/wp/v2/categories/11.json]
[ptsridewibaruna.co.id/id/category/cruise-industry-news/index.html]
[ptsridewibaruna.co.id/id/category/cruise-industry-news/feed/index.html]
[ptsridewibaruna.co.id/id/wp-json/wp/v2/categories/13.json]
[ptsridewibaruna.co.id/id/category/employee-spotlights/index.html]
[ptsridewibaruna.co.id/id/category/employee-spotlights/feed/index.html]
[ptsridewibaruna.co.id/id/category/job-seeking-tips/index.html]
[ptsridewibaruna.co.id/id/wp-json/wp/v2/categories/12.json]
[ptsridewibaruna.co.id/id/category/job-seeking-tips/feed/index.html]
[ptsridewibaruna.co.id/id/category/uncategorized/feed/index.html]
[ptsridewibaruna.co.id/id/category/uncategorized/index.html]
[ptsridewibaruna.co.id/id/wp-json/wp/v2/categories/1.json]
[ptsridewibaruna.co.id/wp-content/uploads/2023/04/ship-image-19.jpg]
[ptsridewibaruna.co.id/wp-content/uploads/elementor/css/post-697132b.css]
[ptsridewibaruna.co.id/id/index1c7e.html]
[ptsridewibaruna.co.id/wp-content/uploads/elementor/css/post-77a16b.css]
[ptsridewibaruna.co.id/id/index8c8d.html]
[ptsridewibaruna.co.id/id/2023/08/10/index.html]
[ptsridewibaruna.co.id/wp-content/plugins/elementor-pro/assets/css/widget-share-buttons.min.css]
[ptsridewibaruna.co.id/wp-content/plugins/elementor/assets/lib/font-awesome/css/regular.min52d5.css]
[ptsridewibaruna.co.id/id/index6c1e.html]
[ptsridewibaruna.co.id/id/2023/08/09/index.html]
[ptsridewibaruna.co.id/id/index8b89.html]
[ptsridewibaruna.co.id/id/2023/07/22/index.html]
[ptsridewibaruna.co.id/wp-content/uploads/2023/03/MEIN-SCHIFF-HERZ-2-Large.jpg]
[ptsridewibaruna.co.id/wp-content/uploads/elementor/css/post-715e5c2.css]
[ptsridewibaruna.co.id/id/index0c63.html]
[ptsridewibaruna.co.id/wp-content/uploads/2023/03/MEIN-SCHIFF-5.jpg]
[ptsridewibaruna.co.id/wp-content/uploads/elementor/css/post-733fb83.css]
[ptsridewibaruna.co.id/id/index2531.html]
[ptsridewibaruna.co.id/wp-content/uploads/2023/04/ship-image-15-Large.jpg]
[ptsridewibaruna.co.id/wp-content/uploads/elementor/css/post-1742f242.css]
[ptsridewibaruna.co.id/id/indexe1b1.html]
[ptsridewibaruna.co.id/wp-content/uploads/elementor/css/post-380700cf.css]
[ptsridewibaruna.co.id/id/index82f0.html]
[ptsridewibaruna.co.id/wp-content/uploads/elementor/css/post-3692cadf.css]
[ptsridewibaruna.co.id/id/index5f6a.html]
[ptsridewibaruna.co.id/wp-content/uploads/elementor/css/post-3698e1fb.css]
[ptsridewibaruna.co.id/id/index6c31.html]
[ptsridewibaruna.co.id/wp-content/uploads/elementor/css/post-3704fff2.css]
[ptsridewibaruna.co.id/id/index6ae5.html]
[ptsridewibaruna.co.id/wp-content/uploads/elementor/css/post-3344a5eb.css]
[ptsridewibaruna.co.id/id/index5fa8.html]
[ptsridewibaruna.co.id/wp-content/uploads/elementor/css/post-35925d56.css]
[ptsridewibaruna.co.id/id/indexe457.html]
[ptsridewibaruna.co.id/id/indexdfc2.html]
[ptsridewibaruna.co.id/id/index8e4c.html]
[ptsridewibaruna.co.id/id/2023/06/26/index.html]
[ptsridewibaruna.co.id/id/indexdb05.html]
[ptsridewibaruna.co.id/id/indexf0af.html]
[ptsridewibaruna.co.id/id/2023/05/12/index.html]
[ptsridewibaruna.co.id/id/index0dfe.html]
[ptsridewibaruna.co.id/id/index027d.html]
[ptsridewibaruna.co.id/id/2023/04/01/index.html]
[ptsridewibaruna.co.id/id/index4c94.html]
